// Jest Snapshot v1, https://goo.gl/fbAQLP

exports[`scan should return null array if nothing in db 1`] = `
[
  "0",
  [],
]
`;

exports[`scanBuffer should return null array if nothing in db 1`] = `
[
  Buffer<30>,
  [],
]
`;
