// Jest Snapshot v1, https://goo.gl/fbAQLP

exports[`sunion should return the union between the first set and all the successive sets 1`] = `
[
  "a",
  "b",
  "c",
  "d",
  "e",
]
`;

exports[`sunion should throw an exception if one of the keys is not a set 1`] = `"WRONGTYPE Operation against a key holding the wrong kind of value"`;

exports[`sunionBuffer should return the union between the first set and all the successive sets 1`] = `
[
  Buffer<61>,
  Buffer<62>,
  Buffer<63>,
  Buffer<64>,
  Buffer<65>,
]
`;

exports[`sunionBuffer should throw an exception if one of the keys is not a set 1`] = `"WRONGTYPE Operation against a key holding the wrong kind of value"`;
